../Core/Src/main.c:54:5:main	8	static
../Core/Src/main.c:66:6:zeros_c	16	static
../Core/Src/main.c:69:6:productoEscalar32_c	24	static
../Core/Src/main.c:73:6:productoEscalar16_c	24	static
../Core/Src/main.c:76:6:productoEscalar12_c	24	static
../Core/Src/main.c:88:6:filtroVentana10_c	32	static
../Core/Src/main.c:98:6:pack32to16_c	24	static
../Core/Src/main.c:107:9:max_c	24	static
../Core/Src/main.c:116:6:downsampleM_c	32	static
../Core/Src/main.c:125:6:invertir_c	24	static
../Core/Src/main.c:133:6:corr_c	40	static
../Core/Src/main.c:149:6:zeros_asm	16	static,ignoring_inline_asm
../Core/Src/main.c:162:6:productoEscalar32_asm	24	static,ignoring_inline_asm
../Core/Src/main.c:180:6:productoEscalar16_asm	24	static,ignoring_inline_asm
../Core/Src/main.c:197:6:productoEscalar12_asm	24	static,ignoring_inline_asm
../Core/Src/main.c:218:6:filtroVentana10_asm	24	static,ignoring_inline_asm
../Core/Src/main.c:251:6:pack32to16_asm	24	static,ignoring_inline_asm
../Core/Src/main.c:266:9:max_asm	24	static,ignoring_inline_asm
../Core/Src/main.c:289:6:downsampleM_asm	24	static,ignoring_inline_asm
../Core/Src/main.c:321:6:invertir_asm	16	static,ignoring_inline_asm
../Core/Src/main.c:341:6:corr_asm	24	static,ignoring_inline_asm
