../Core/Src/main.c:56:5:main	8	static
../Core/Src/main.c:89:6:zeros_c	16	static
../Core/Src/main.c:92:6:productoEscalar32_c	24	static
../Core/Src/main.c:96:6:productoEscalar16_c	24	static
../Core/Src/main.c:99:6:productoEscalar12_c	24	static
../Core/Src/main.c:111:6:filtroVentana10_c	40	static
../Core/Src/main.c:124:6:pack32to16_c	24	static
../Core/Src/main.c:133:9:max_c	24	static
../Core/Src/main.c:142:6:downsampleM_c	32	static
../Core/Src/main.c:151:6:invertir_c	24	static
../Core/Src/main.c:163:6:eco_c	32	static
../Core/Src/main.c:172:6:corr_c	40	static
../Core/Src/main.c:189:13:PrivilegiosSVC	40	static,ignoring_inline_asm
