../Core/Src/main.c:54:5:main	8	static
../Core/Src/main.c:65:6:zeros_c	16	static
../Core/Src/main.c:68:6:productoEscalar32_c	24	static
../Core/Src/main.c:72:6:productoEscalar16_c	24	static
../Core/Src/main.c:75:6:productoEscalar12_c	24	static
../Core/Src/main.c:81:6:filtroVentana10_c	24	static
../Core/Src/main.c:82:6:pack32to16_c	24	static
../Core/Src/main.c:83:9:max_c	16	static
../Core/Src/main.c:86:6:downsampleM_c	24	static
../Core/Src/main.c:87:6:invertir_c	16	static
../Core/Src/main.c:88:6:corr_c	24	static
../Core/Src/main.c:91:6:zeros_asm	16	static
../Core/Src/main.c:92:6:productoEscalar32_asm	24	static
../Core/Src/main.c:93:6:productoEscalar16_asm	24	static
../Core/Src/main.c:94:6:productoEscalar12_asm	24	static
../Core/Src/main.c:95:6:filtroVentana10_asm	24	static
../Core/Src/main.c:96:6:pack32to16_asm	24	static
../Core/Src/main.c:97:9:max_asm	16	static
../Core/Src/main.c:100:6:downsampleM_asm	24	static
../Core/Src/main.c:101:6:invertir_asm	16	static
../Core/Src/main.c:102:6:corr_asm	24	static
