../Core/Src/main.c:54:5:main	8	static
../Core/Src/main.c:65:6:zeros_c	16	static
../Core/Src/main.c:68:6:productoEscalar32_c	24	static
../Core/Src/main.c:72:6:productoEscalar16_c	24	static
../Core/Src/main.c:75:6:productoEscalar12_c	24	static
../Core/Src/main.c:85:6:filtroVentana10_c	24	static
../Core/Src/main.c:86:6:pack32to16_c	24	static
../Core/Src/main.c:88:9:max_c	24	static
../Core/Src/main.c:97:6:downsampleM_c	24	static
../Core/Src/main.c:107:6:invertir_c	24	static
../Core/Src/main.c:115:6:corr_c	40	static
../Core/Src/main.c:131:6:zeros_asm	16	static,ignoring_inline_asm
../Core/Src/main.c:144:6:productoEscalar32_asm	24	static
../Core/Src/main.c:151:6:productoEscalar16_asm	24	static
../Core/Src/main.c:152:6:productoEscalar12_asm	24	static
../Core/Src/main.c:153:6:filtroVentana10_asm	24	static
../Core/Src/main.c:154:6:pack32to16_asm	24	static
../Core/Src/main.c:155:9:max_asm	16	static
../Core/Src/main.c:158:6:downsampleM_asm	24	static
../Core/Src/main.c:159:6:invertir_asm	16	static
../Core/Src/main.c:160:6:corr_asm	24	static
