../Core/Src/main.c:52:5:main	8	static
../Core/Src/main.c:63:6:zeros_c	16	static
../Core/Src/main.c:66:6:productoEscalar32_c	24	static
../Core/Src/main.c:70:6:productoEscalar16_c	24	static
../Core/Src/main.c:71:6:productoEscalar12_c	24	static
../Core/Src/main.c:72:6:filtroVentana10_c	24	static
../Core/Src/main.c:73:6:pack32to16_c	24	static
../Core/Src/main.c:74:9:max_c	16	static
../Core/Src/main.c:77:6:downsampleM_c	24	static
../Core/Src/main.c:78:6:invertir_c	16	static
../Core/Src/main.c:79:6:corr_c	24	static
../Core/Src/main.c:82:6:zeros_asm	16	static
../Core/Src/main.c:83:6:productoEscalar32_asm	24	static
../Core/Src/main.c:84:6:productoEscalar16_asm	24	static
../Core/Src/main.c:85:6:productoEscalar12_asm	24	static
../Core/Src/main.c:86:6:filtroVentana10_asm	24	static
../Core/Src/main.c:87:6:pack32to16_asm	24	static
../Core/Src/main.c:88:9:max_asm	16	static
../Core/Src/main.c:91:6:downsampleM_asm	24	static
../Core/Src/main.c:92:6:invertir_asm	16	static
../Core/Src/main.c:93:6:corr_asm	24	static
