../Core/Src/main.c:57:5:main	8	static
../Core/Src/main.c:69:6:zeros_c	16	static
../Core/Src/main.c:72:6:productoEscalar32_c	24	static
../Core/Src/main.c:76:6:productoEscalar16_c	24	static
../Core/Src/main.c:79:6:productoEscalar12_c	24	static
../Core/Src/main.c:91:6:filtroVentana10_c	32	static
../Core/Src/main.c:101:6:pack32to16_c	24	static
../Core/Src/main.c:110:9:max_c	24	static
../Core/Src/main.c:119:6:downsampleM_c	32	static
../Core/Src/main.c:128:6:invertir_c	24	static
../Core/Src/main.c:140:6:eco_c	32	static
../Core/Src/main.c:149:6:corr_c	40	static
../Core/Src/main.c:166:6:zeros_asm	16	static,ignoring_inline_asm
../Core/Src/main.c:179:6:productoEscalar32_asm	24	static,ignoring_inline_asm
../Core/Src/main.c:197:6:productoEscalar16_asm	24	static,ignoring_inline_asm
../Core/Src/main.c:214:6:productoEscalar12_asm	24	static,ignoring_inline_asm
../Core/Src/main.c:235:6:filtroVentana10_asm	24	static,ignoring_inline_asm
../Core/Src/main.c:260:6:pack32to16_asm	24	static,ignoring_inline_asm
../Core/Src/main.c:275:9:max_asm	24	static,ignoring_inline_asm
../Core/Src/main.c:298:6:downsampleM_asm	24	static,ignoring_inline_asm
../Core/Src/main.c:329:6:invertir_asm	16	static,ignoring_inline_asm
../Core/Src/main.c:349:6:corr_asm	24	static,ignoring_inline_asm
../Core/Src/main.c:389:6:eco_asm	24	static,ignoring_inline_asm
