../Core/Src/main.c:82:5:main	8	static
../Core/Src/main.c:126:6:zeros_c	16	static
../Core/Src/main.c:142:6:productoEscalar32_c	24	static
../Core/Src/main.c:160:6:productoEscalar16_c	24	static
../Core/Src/main.c:175:6:productoEscalar12_c	24	static
../Core/Src/main.c:198:6:filtroVentana10_c	40	static
../Core/Src/main.c:221:6:pack32to16_c	24	static
../Core/Src/main.c:240:9:max_c	24	static
../Core/Src/main.c:261:6:downsampleM_c	32	static
../Core/Src/main.c:281:6:invertir_c	24	static
../Core/Src/main.c:301:6:eco_c	32	static
../Core/Src/main.c:322:6:corr_c	40	static
../Core/Src/main.c:339:13:PrivilegiosSVC	40	static,ignoring_inline_asm
