../Core/Src/main.c:54:5:main	16	static
../Core/Src/main.c:68:6:zeros_c	16	static
../Core/Src/main.c:71:6:productoEscalar32_c	24	static
../Core/Src/main.c:75:6:productoEscalar16_c	24	static
../Core/Src/main.c:78:6:productoEscalar12_c	24	static
../Core/Src/main.c:88:6:filtroVentana10_c	24	static
../Core/Src/main.c:89:6:pack32to16_c	24	static
../Core/Src/main.c:91:9:max_c	24	static
../Core/Src/main.c:100:6:downsampleM_c	24	static
../Core/Src/main.c:110:6:invertir_c	24	static
../Core/Src/main.c:118:6:corr_c	40	static
../Core/Src/main.c:134:6:zeros_asm	16	static,ignoring_inline_asm
../Core/Src/main.c:147:6:productoEscalar32_asm	24	static,ignoring_inline_asm
../Core/Src/main.c:165:6:productoEscalar16_asm	24	static,ignoring_inline_asm
../Core/Src/main.c:182:6:productoEscalar12_asm	24	static,ignoring_inline_asm
../Core/Src/main.c:203:6:filtroVentana10_asm	24	static
../Core/Src/main.c:204:6:pack32to16_asm	24	static
../Core/Src/main.c:206:9:max_asm	24	static,ignoring_inline_asm
../Core/Src/main.c:229:6:downsampleM_asm	24	static
../Core/Src/main.c:230:6:invertir_asm	16	static
../Core/Src/main.c:231:6:corr_asm	24	static
