../Core/Src/main.c:54:5:main	8	static
../Core/Src/main.c:66:6:zeros_c	16	static
../Core/Src/main.c:69:6:productoEscalar32_c	24	static
../Core/Src/main.c:73:6:productoEscalar16_c	24	static
../Core/Src/main.c:76:6:productoEscalar12_c	24	static
../Core/Src/main.c:86:6:filtroVentana10_c	24	static
../Core/Src/main.c:88:6:pack32to16_c	24	static
../Core/Src/main.c:97:9:max_c	24	static
../Core/Src/main.c:106:6:downsampleM_c	32	static
../Core/Src/main.c:115:6:invertir_c	24	static
../Core/Src/main.c:123:6:corr_c	40	static
../Core/Src/main.c:139:6:zeros_asm	16	static,ignoring_inline_asm
../Core/Src/main.c:152:6:productoEscalar32_asm	24	static,ignoring_inline_asm
../Core/Src/main.c:170:6:productoEscalar16_asm	24	static,ignoring_inline_asm
../Core/Src/main.c:187:6:productoEscalar12_asm	24	static,ignoring_inline_asm
../Core/Src/main.c:208:6:filtroVentana10_asm	24	static,ignoring_inline_asm
../Core/Src/main.c:221:6:pack32to16_asm	24	static,ignoring_inline_asm
../Core/Src/main.c:236:9:max_asm	24	static,ignoring_inline_asm
../Core/Src/main.c:259:6:downsampleM_asm	24	static,ignoring_inline_asm
../Core/Src/main.c:291:6:invertir_asm	16	static,ignoring_inline_asm
../Core/Src/main.c:311:6:corr_asm	24	static,ignoring_inline_asm
