21:30:14 **** Incremental Build of configuration Debug for project AdM ****
make -j16 all 
arm-none-eabi-gcc -mcpu=cortex-m4 -g3 -DDEBUG -c -x assembler-with-cpp -MMD -MP -MF"Core/Src/asm_func.d" -MT"Core/Src/asm_func.o" --specs=nano.specs -mfpu=fpv4-sp-d16 -mfloat-abi=hard -mthumb -o "Core/Src/asm_func.o" "../Core/Src/asm_func.S"
arm-none-eabi-gcc "../Core/Src/main.c" -mcpu=cortex-m4 -std=gnu11 -g3 -DDEBUG -DUSE_HAL_DRIVER -DSTM32F429xx -c -I../Core/Inc -I../Drivers/STM32F4xx_HAL_Driver/Inc -I../Drivers/STM32F4xx_HAL_Driver/Inc/Legacy -I../Drivers/CMSIS/Device/ST/STM32F4xx/Include -I../Drivers/CMSIS/Include -O0 -ffunction-sections -fdata-sections -Wall -fstack-usage -fcyclomatic-complexity -MMD -MP -MF"Core/Src/main.d" -MT"Core/Src/main.o" --specs=nano.specs -mfpu=fpv4-sp-d16 -mfloat-abi=hard -mthumb -o "Core/Src/main.o"
arm-none-eabi-gcc -o "AdM.elf" @"objects.list"   -mcpu=cortex-m4 -T"C:\Users\ipave\Documentos\GitHub\AdMV2\AdM\STM32F429ZITX_FLASH.ld" --specs=nosys.specs -Wl,-Map="AdM.map" -Wl,--gc-sections -static --specs=nano.specs -mfpu=fpv4-sp-d16 -mfloat-abi=hard -mthumb -Wl,--start-group -lc -lm -Wl,--end-group
Finished building target: AdM.elf
 
arm-none-eabi-size   AdM.elf 
arm-none-eabi-objdump -h -S  AdM.elf  > "AdM.list"
   text	   data	    bss	    dec	    hex	filename
  13444	    100	   3532	  17076	   42b4	AdM.elf
Finished building: default.size.stdout
 
Finished building: AdM.list
 

21:30:14 Build Finished. 0 errors, 0 warnings. (took 531ms)

