Archive member included to satisfy reference by file (symbol)

c:/st/stm32cubeide_1.11.2/stm32cubeide/plugins/com.st.stm32cube.ide.mcu.externaltools.gnu-tools-for-stm32.10.3-2021.10.win32_1.0.200.202301161003/tools/bin/../lib/gcc/arm-none-eabi/10.3.1/../../../../arm-none-eabi/lib/thumb/v7e-m+fp/hard\libc_nano.a(lib_a-errno.o)
                              ./Core/Src/syscalls.o (__errno)
c:/st/stm32cubeide_1.11.2/stm32cubeide/plugins/com.st.stm32cube.ide.mcu.externaltools.gnu-tools-for-stm32.10.3-2021.10.win32_1.0.200.202301161003/tools/bin/../lib/gcc/arm-none-eabi/10.3.1/../../../../arm-none-eabi/lib/thumb/v7e-m+fp/hard\libc_nano.a(lib_a-exit.o)
                              c:/st/stm32cubeide_1.11.2/stm32cubeide/plugins/com.st.stm32cube.ide.mcu.externaltools.gnu-tools-for-stm32.10.3-2021.10.win32_1.0.200.202301161003/tools/bin/../lib/gcc/arm-none-eabi/10.3.1/../../../../arm-none-eabi/lib/thumb/v7e-m+fp/hard/crt0.o (exit)
c:/st/stm32cubeide_1.11.2/stm32cubeide/plugins/com.st.stm32cube.ide.mcu.externaltools.gnu-tools-for-stm32.10.3-2021.10.win32_1.0.200.202301161003/tools/bin/../lib/gcc/arm-none-eabi/10.3.1/../../../../arm-none-eabi/lib/thumb/v7e-m+fp/hard\libc_nano.a(lib_a-impure.o)
                              c:/st/stm32cubeide_1.11.2/stm32cubeide/plugins/com.st.stm32cube.ide.mcu.externaltools.gnu-tools-for-stm32.10.3-2021.10.win32_1.0.200.202301161003/tools/bin/../lib/gcc/arm-none-eabi/10.3.1/../../../../arm-none-eabi/lib/thumb/v7e-m+fp/hard\libc_nano.a(lib_a-exit.o) (_global_impure_ptr)
c:/st/stm32cubeide_1.11.2/stm32cubeide/plugins/com.st.stm32cube.ide.mcu.externaltools.gnu-tools-for-stm32.10.3-2021.10.win32_1.0.200.202301161003/tools/bin/../lib/gcc/arm-none-eabi/10.3.1/../../../../arm-none-eabi/lib/thumb/v7e-m+fp/hard\libc_nano.a(lib_a-init.o)
                              c:/st/stm32cubeide_1.11.2/stm32cubeide/plugins/com.st.stm32cube.ide.mcu.externaltools.gnu-tools-for-stm32.10.3-2021.10.win32_1.0.200.202301161003/tools/bin/../lib/gcc/arm-none-eabi/10.3.1/../../../../arm-none-eabi/lib/thumb/v7e-m+fp/hard/crt0.o (__libc_init_array)
c:/st/stm32cubeide_1.11.2/stm32cubeide/plugins/com.st.stm32cube.ide.mcu.externaltools.gnu-tools-for-stm32.10.3-2021.10.win32_1.0.200.202301161003/tools/bin/../lib/gcc/arm-none-eabi/10.3.1/../../../../arm-none-eabi/lib/thumb/v7e-m+fp/hard\libc_nano.a(lib_a-memset.o)
                              c:/st/stm32cubeide_1.11.2/stm32cubeide/plugins/com.st.stm32cube.ide.mcu.externaltools.gnu-tools-for-stm32.10.3-2021.10.win32_1.0.200.202301161003/tools/bin/../lib/gcc/arm-none-eabi/10.3.1/../../../../arm-none-eabi/lib/thumb/v7e-m+fp/hard/crt0.o (memset)
c:/st/stm32cubeide_1.11.2/stm32cubeide/plugins/com.st.stm32cube.ide.mcu.externaltools.gnu-tools-for-stm32.10.3-2021.10.win32_1.0.200.202301161003/tools/bin/../lib/gcc/arm-none-eabi/10.3.1/thumb/v7e-m+fp/hard\libgcc.a(_aeabi_uldivmod.o)
                              ./Drivers/STM32F4xx_HAL_Driver/Src/stm32f4xx_hal_rcc.o (__aeabi_uldivmod)
c:/st/stm32cubeide_1.11.2/stm32cubeide/plugins/com.st.stm32cube.ide.mcu.externaltools.gnu-tools-for-stm32.10.3-2021.10.win32_1.0.200.202301161003/tools/bin/../lib/gcc/arm-none-eabi/10.3.1/thumb/v7e-m+fp/hard\libgcc.a(_udivmoddi4.o)
                              c:/st/stm32cubeide_1.11.2/stm32cubeide/plugins/com.st.stm32cube.ide.mcu.externaltools.gnu-tools-for-stm32.10.3-2021.10.win32_1.0.200.202301161003/tools/bin/../lib/gcc/arm-none-eabi/10.3.1/thumb/v7e-m+fp/hard\libgcc.a(_aeabi_uldivmod.o) (__udivmoddi4)
c:/st/stm32cubeide_1.11.2/stm32cubeide/plugins/com.st.stm32cube.ide.mcu.externaltools.gnu-tools-for-stm32.10.3-2021.10.win32_1.0.200.202301161003/tools/bin/../lib/gcc/arm-none-eabi/10.3.1/thumb/v7e-m+fp/hard\libgcc.a(_dvmd_tls.o)
                              c:/st/stm32cubeide_1.11.2/stm32cubeide/plugins/com.st.stm32cube.ide.mcu.externaltools.gnu-tools-for-stm32.10.3-2021.10.win32_1.0.200.202301161003/tools/bin/../lib/gcc/arm-none-eabi/10.3.1/thumb/v7e-m+fp/hard\libgcc.a(_aeabi_uldivmod.o) (__aeabi_ldiv0)

Discarded input sections

 .text          0x0000000000000000        0x0 c:/st/stm32cubeide_1.11.2/stm32cubeide/plugins/com.st.stm32cube.ide.mcu.externaltools.gnu-tools-for-stm32.10.3-2021.10.win32_1.0.200.202301161003/tools/bin/../lib/gcc/arm-none-eabi/10.3.1/thumb/v7e-m+fp/hard/crti.o
 .data          0x0000000000000000        0x0 c:/st/stm32cubeide_1.11.2/stm32cubeide/plugins/com.st.stm32cube.ide.mcu.externaltools.gnu-tools-for-stm32.10.3-2021.10.win32_1.0.200.202301161003/tools/bin/../lib/gcc/arm-none-eabi/10.3.1/thumb/v7e-m+fp/hard/crti.o
 .bss           0x0000000000000000        0x0 c:/st/stm32cubeide_1.11.2/stm32cubeide/plugins/com.st.stm32cube.ide.mcu.externaltools.gnu-tools-for-stm32.10.3-2021.10.win32_1.0.200.202301161003/tools/bin/../lib/gcc/arm-none-eabi/10.3.1/thumb/v7e-m+fp/hard/crti.o
[...]
Memory Configuration

Name             Origin             Length             Attributes
CCMRAM           0x0000000010000000 0x0000000000010000 xrw
RAM              0x0000000020000000 0x0000000000030000 xrw
FLASH            0x0000000008000000 0x0000000000200000 xr
*default*        0x0000000000000000 0xffffffffffffffff

Linker script and memory map

LOAD c:/st/stm32cubeide_1.11.2/stm32cubeide/plugins/com.st.stm32cube.ide.mcu.externaltools.gnu-tools-for-stm32.10.3-2021.10.win32_1.0.200.202301161003/tools/bin/../lib/gcc/arm-none-eabi/10.3.1/thumb/v7e-m+fp/hard/crti.o
LOAD c:/st/stm32cubeide_1.11.2/stm32cubeide/plugins/com.st.stm32cube.ide.mcu.externaltools.gnu-tools-for-stm32.10.3-2021.10.win32_1.0.200.202301161003/tools/bin/../lib/gcc/arm-none-eabi/10.3.1/thumb/v7e-m+fp/hard/crtbegin.o
LOAD c:/st/stm32cubeide_1.11.2/stm32cubeide/plugins/com.st.stm32cube.ide.mcu.externaltools.gnu-tools-for-stm32.10.3-2021.10.win32_1.0.200.202301161003/tools/bin/../lib/gcc/arm-none-eabi/10.3.1/../../../../arm-none-eabi/lib/thumb/v7e-m+fp/hard/crt0.o
LOAD ./Core/Src/init.o
LOAD ./Core/Src/main.o
LOAD ./Core/Src/stm32f4xx_hal_msp.o
LOAD ./Core/Src/stm32f4xx_it.o
LOAD ./Core/Src/syscalls.o
LOAD ./Core/Src/sysmem.o
LOAD ./Core/Src/system_stm32f4xx.o
LOAD ./Core/Startup/startup_stm32f429zitx.o
LOAD ./Drivers/STM32F4xx_HAL_Driver/Src/stm32f4xx_hal.o
LOAD ./Drivers/STM32F4xx_HAL_Driver/Src/stm32f4xx_hal_cortex.o
LOAD ./Drivers/STM32F4xx_HAL_Driver/Src/stm32f4xx_hal_dma.o
LOAD ./Drivers/STM32F4xx_HAL_Driver/Src/stm32f4xx_hal_dma_ex.o
LOAD ./Drivers/STM32F4xx_HAL_Driver/Src/stm32f4xx_hal_eth.o
LOAD ./Drivers/STM32F4xx_HAL_Driver/Src/stm32f4xx_hal_exti.o
LOAD ./Drivers/STM32F4xx_HAL_Driver/Src/stm32f4xx_hal_flash.o
LOAD ./Drivers/STM32F4xx_HAL_Driver/Src/stm32f4xx_hal_flash_ex.o
LOAD ./Drivers/STM32F4xx_HAL_Driver/Src/stm32f4xx_hal_flash_ramfunc.o
LOAD ./Drivers/STM32F4xx_HAL_Driver/Src/stm32f4xx_hal_gpio.o
LOAD ./Drivers/STM32F4xx_HAL_Driver/Src/stm32f4xx_hal_pcd.o
LOAD ./Drivers/STM32F4xx_HAL_Driver/Src/stm32f4xx_hal_pcd_ex.o
LOAD ./Drivers/STM32F4xx_HAL_Driver/Src/stm32f4xx_hal_pwr.o
LOAD ./Drivers/STM32F4xx_HAL_Driver/Src/stm32f4xx_hal_pwr_ex.o
LOAD ./Drivers/STM32F4xx_HAL_Driver/Src/stm32f4xx_hal_rcc.o
LOAD ./Drivers/STM32F4xx_HAL_Driver/Src/stm32f4xx_hal_rcc_ex.o
LOAD ./Drivers/STM32F4xx_HAL_Driver/Src/stm32f4xx_hal_tim.o
LOAD ./Drivers/STM32F4xx_HAL_Driver/Src/stm32f4xx_hal_tim_ex.o
LOAD ./Drivers/STM32F4xx_HAL_Driver/Src/stm32f4xx_hal_uart.o
LOAD ./Drivers/STM32F4xx_HAL_Driver/Src/stm32f4xx_ll_usb.o
START GROUP
LOAD c:/st/stm32cubeide_1.11.2/stm32cubeide/plugins/com.st.stm32cube.ide.mcu.externaltools.gnu-tools-for-stm32.10.3-2021.10.win32_1.0.200.202301161003/tools/bin/../lib/gcc/arm-none-eabi/10.3.1/../../../../arm-none-eabi/lib/thumb/v7e-m+fp/hard\libc_nano.a
LOAD c:/st/stm32cubeide_1.11.2/stm32cubeide/plugins/com.st.stm32cube.ide.mcu.externaltools.gnu-tools-for-stm32.10.3-2021.10.win32_1.0.200.202301161003/tools/bin/../lib/gcc/arm-none-eabi/10.3.1/../../../../arm-none-eabi/lib/thumb/v7e-m+fp/hard\libm.a
END GROUP
START GROUP
LOAD c:/st/stm32cubeide_1.11.2/stm32cubeide/plugins/com.st.stm32cube.ide.mcu.externaltools.gnu-tools-for-stm32.10.3-2021.10.win32_1.0.200.202301161003/tools/bin/../lib/gcc/arm-none-eabi/10.3.1/thumb/v7e-m+fp/hard\libgcc.a
LOAD c:/st/stm32cubeide_1.11.2/stm32cubeide/plugins/com.st.stm32cube.ide.mcu.externaltools.gnu-tools-for-stm32.10.3-2021.10.win32_1.0.200.202301161003/tools/bin/../lib/gcc/arm-none-eabi/10.3.1/../../../../arm-none-eabi/lib/thumb/v7e-m+fp/hard\libc_nano.a
END GROUP
START GROUP
LOAD c:/st/stm32cubeide_1.11.2/stm32cubeide/plugins/com.st.stm32cube.ide.mcu.externaltools.gnu-tools-for-stm32.10.3-2021.10.win32_1.0.200.202301161003/tools/bin/../lib/gcc/arm-none-eabi/10.3.1/thumb/v7e-m+fp/hard\libgcc.a
LOAD c:/st/stm32cubeide_1.11.2/stm32cubeide/plugins/com.st.stm32cube.ide.mcu.externaltools.gnu-tools-for-stm32.10.3-2021.10.win32_1.0.200.202301161003/tools/bin/../lib/gcc/arm-none-eabi/10.3.1/../../../../arm-none-eabi/lib/thumb/v7e-m+fp/hard\libc_nano.a
LOAD c:/st/stm32cubeide_1.11.2/stm32cubeide/plugins/com.st.stm32cube.ide.mcu.externaltools.gnu-tools-for-stm32.10.3-2021.10.win32_1.0.200.202301161003/tools/bin/../lib/gcc/arm-none-eabi/10.3.1/../../../../arm-none-eabi/lib/thumb/v7e-m+fp/hard\libnosys.a
END GROUP
START GROUP
LOAD c:/st/stm32cubeide_1.11.2/stm32cubeide/plugins/com.st.stm32cube.ide.mcu.externaltools.gnu-tools-for-stm32.10.3-2021.10.win32_1.0.200.202301161003/tools/bin/../lib/gcc/arm-none-eabi/10.3.1/thumb/v7e-m+fp/hard\libgcc.a
LOAD c:/st/stm32cubeide_1.11.2/stm32cubeide/plugins/com.st.stm32cube.ide.mcu.externaltools.gnu-tools-for-stm32.10.3-2021.10.win32_1.0.200.202301161003/tools/bin/../lib/gcc/arm-none-eabi/10.3.1/../../../../arm-none-eabi/lib/thumb/v7e-m+fp/hard\libc_nano.a
LOAD c:/st/stm32cubeide_1.11.2/stm32cubeide/plugins/com.st.stm32cube.ide.mcu.externaltools.gnu-tools-for-stm32.10.3-2021.10.win32_1.0.200.202301161003/tools/bin/../lib/gcc/arm-none-eabi/10.3.1/../../../../arm-none-eabi/lib/thumb/v7e-m+fp/hard\libnosys.a
END GROUP
LOAD c:/st/stm32cubeide_1.11.2/stm32cubeide/plugins/com.st.stm32cube.ide.mcu.externaltools.gnu-tools-for-stm32.10.3-2021.10.win32_1.0.200.202301161003/tools/bin/../lib/gcc/arm-none-eabi/10.3.1/thumb/v7e-m+fp/hard/crtend.o
LOAD c:/st/stm32cubeide_1.11.2/stm32cubeide/plugins/com.st.stm32cube.ide.mcu.externaltools.gnu-tools-for-stm32.10.3-2021.10.win32_1.0.200.202301161003/tools/bin/../lib/gcc/arm-none-eabi/10.3.1/thumb/v7e-m+fp/hard/crtn.o
                0x0000000020030000                _estack = (ORIGIN (RAM) + LENGTH (RAM))
                0x0000000000000200                _Min_Heap_Size = 0x200
                0x0000000000000400                _Min_Stack_Size = 0x400

.isr_vector     0x0000000008000000      0x1ac
                0x0000000008000000                . = ALIGN (0x4)
 *(.isr_vector)
 .isr_vector    0x0000000008000000      0x1ac ./Core/Startup/startup_stm32f429zitx.o
                0x0000000008000000                g_pfnVectors
                0x00000000080001ac                . = ALIGN (0x4)

.text           0x00000000080001ac     0x2f54
                0x00000000080001ac                . = ALIGN (0x4)
 *(.text)
 .text          0x00000000080001ac       0x40 c:/st/stm32cubeide_1.11.2/stm32cubeide/plugins/com.st.stm32cube.ide.mcu.externaltools.gnu-tools-for-stm32.10.3-2021.10.win32_1.0.200.202301161003/tools/bin/../lib/gcc/arm-none-eabi/10.3.1/thumb/v7e-m+fp/hard/crtbegin.o
 .text          0x00000000080001ec       0x30 c:/st/stm32cubeide_1.11.2/stm32cubeide/plugins/com.st.stm32cube.ide.mcu.externaltools.gnu-tools-for-stm32.10.3-2021.10.win32_1.0.200.202301161003/tools/bin/../lib/gcc/arm-none-eabi/10.3.1/thumb/v7e-m+fp/hard\libgcc.a(_aeabi_uldivmod.o)
                0x00000000080001ec                __aeabi_uldivmod
 .text          0x000000000800021c      0x2d0 c:/st/stm32cubeide_1.11.2/stm32cubeide/plugins/com.st.stm32cube.ide.mcu.externaltools.gnu-tools-for-stm32.10.3-2021.10.win32_1.0.200.202301161003/tools/bin/../lib/gcc/arm-none-eabi/10.3.1/thumb/v7e-m+fp/hard\libgcc.a(_udivmoddi4.o)
                0x000000000800021c                __udivmoddi4
 .text          0x00000000080004ec        0x4 c:/st/stm32cubeide_1.11.2/stm32cubeide/plugins/com.st.stm32cube.ide.mcu.externaltools.gnu-tools-for-stm32.10.3-2021.10.win32_1.0.200.202301161003/tools/bin/../lib/gcc/arm-none-eabi/10.3.1/thumb/v7e-m+fp/hard\libgcc.a(_dvmd_tls.o)
                0x00000000080004ec                __aeabi_idiv0
                0x00000000080004ec                __aeabi_ldiv0
 *(.text*)
 .text.init     0x00000000080004f0       0x20 ./Core/Src/init.o
                0x00000000080004f0                init
 .text.SystemClock_Config
                0x0000000008000510       0xd4 ./Core/Src/init.o
 .text.MX_ETH_Init
                0x00000000080005e4       0x9c ./Core/Src/init.o
 .text.MX_USART3_UART_Init
                0x0000000008000680       0x54 ./Core/Src/init.o
 .text.MX_USB_OTG_FS_PCD_Init
                0x00000000080006d4       0x5c ./Core/Src/init.o
 .text.MX_GPIO_Init
                0x0000000008000730      0x15c ./Core/Src/init.o
 .text.Error_Handler
                0x000000000800088c        0xa ./Core/Src/init.o
                0x000000000800088c                Error_Handler
 *fill*         0x0000000008000896        0x2 
 .text.main     0x0000000008000898       0x18 ./Core/Src/main.o
                0x0000000008000898                main
 .text.zeros_asm
                0x00000000080008b0       0x2e ./Core/Src/main.o
                0x00000000080008b0                zeros_asm
 *fill*         0x00000000080008de        0x2 
 .text.HAL_MspInit
                0x00000000080008e0       0x50 ./Core/Src/stm32f4xx_hal_msp.o
                0x00000000080008e0                HAL_MspInit
 .text.HAL_ETH_MspInit
                0x0000000008000930      0x18c ./Core/Src/stm32f4xx_hal_msp.o
                0x0000000008000930                HAL_ETH_MspInit
 .text.HAL_UART_MspInit
                0x0000000008000abc       0x90 ./Core/Src/stm32f4xx_hal_msp.o
                0x0000000008000abc                HAL_UART_MspInit
 .text.HAL_PCD_MspInit
                0x0000000008000b4c       0xb4 ./Core/Src/stm32f4xx_hal_msp.o
                0x0000000008000b4c                HAL_PCD_MspInit
 .text.NMI_Handler
                0x0000000008000c00        0x6 ./Core/Src/stm32f4xx_it.o
                0x0000000008000c00                NMI_Handler
 .text.HardFault_Handler
                0x0000000008000c06        0x6 ./Core/Src/stm32f4xx_it.o
                0x0000000008000c06                HardFault_Handler
 .text.MemManage_Handler
                0x0000000008000c0c        0x6 ./Core/Src/stm32f4xx_it.o
                0x0000000008000c0c                MemManage_Handler
 .text.BusFault_Handler
                0x0000000008000c12        0x6 ./Core/Src/stm32f4xx_it.o
                0x0000000008000c12                BusFault_Handler
 .text.UsageFault_Handler
                0x0000000008000c18        0x6 ./Core/Src/stm32f4xx_it.o
                0x0000000008000c18                UsageFault_Handler
 .text.SVC_Handler
                0x0000000008000c1e        0xe ./Core/Src/stm32f4xx_it.o
                0x0000000008000c1e                SVC_Handler
 .text.DebugMon_Handler
                0x0000000008000c2c        0xe ./Core/Src/stm32f4xx_it.o
                0x0000000008000c2c                DebugMon_Handler
 .text.PendSV_Handler
                0x0000000008000c3a        0xe ./Core/Src/stm32f4xx_it.o
                0x0000000008000c3a                PendSV_Handler
 .text.SysTick_Handler
                0x0000000008000c48        0xc ./Core/Src/stm32f4xx_it.o
                0x0000000008000c48                SysTick_Handler
 .text.SystemInit
                0x0000000008000c54       0x24 ./Core/Src/system_stm32f4xx.o
                0x0000000008000c54                SystemInit
 .text.Reset_Handler
                0x0000000008000c78       0x50 ./Core/Startup/startup_stm32f429zitx.o
                0x0000000008000c78                Reset_Handler
 .text.Default_Handler
                0x0000000008000cc8        0x2 ./Core/Startup/startup_stm32f429zitx.o
                0x0000000008000cc8                RTC_Alarm_IRQHandler
                0x0000000008000cc8                HASH_RNG_IRQHandler
                0x0000000008000cc8                EXTI2_IRQHandler
                0x0000000008000cc8                TIM8_CC_IRQHandler
                0x0000000008000cc8                UART8_IRQHandler
                0x0000000008000cc8                SPI4_IRQHandler
                0x0000000008000cc8                TIM1_CC_IRQHandler
                0x0000000008000cc8                DMA2_Stream5_IRQHandler
                0x0000000008000cc8                DMA1_Stream5_IRQHandler
                0x0000000008000cc8                PVD_IRQHandler
                0x0000000008000cc8                SDIO_IRQHandler
                0x0000000008000cc8                TAMP_STAMP_IRQHandler
                0x0000000008000cc8                CAN2_RX1_IRQHandler
                0x0000000008000cc8                EXTI3_IRQHandler
                0x0000000008000cc8                TIM8_TRG_COM_TIM14_IRQHandler
                0x0000000008000cc8                TIM1_UP_TIM10_IRQHandler
                0x0000000008000cc8                TIM8_UP_TIM13_IRQHandler
                0x0000000008000cc8                I2C3_ER_IRQHandler
                0x0000000008000cc8                EXTI0_IRQHandler
                0x0000000008000cc8                I2C2_EV_IRQHandler
                0x0000000008000cc8                DMA1_Stream2_IRQHandler
                0x0000000008000cc8                CAN1_RX0_IRQHandler
                0x0000000008000cc8                FPU_IRQHandler
                0x0000000008000cc8                OTG_HS_WKUP_IRQHandler
                0x0000000008000cc8                LTDC_ER_IRQHandler
                0x0000000008000cc8                CAN2_SCE_IRQHandler
                0x0000000008000cc8                DMA2_Stream2_IRQHandler
                0x0000000008000cc8                SPI1_IRQHandler
                0x0000000008000cc8                TIM6_DAC_IRQHandler
                0x0000000008000cc8                TIM1_BRK_TIM9_IRQHandler
                0x0000000008000cc8                DCMI_IRQHandler
                0x0000000008000cc8                CAN2_RX0_IRQHandler
                0x0000000008000cc8                DMA2_Stream3_IRQHandler
                0x0000000008000cc8                USART6_IRQHandler
                0x0000000008000cc8                USART3_IRQHandler
                0x0000000008000cc8                CAN1_RX1_IRQHandler
                0x0000000008000cc8                UART5_IRQHandler
                0x0000000008000cc8                DMA2_Stream0_IRQHandler
                0x0000000008000cc8                TIM4_IRQHandler
                0x0000000008000cc8                I2C1_EV_IRQHandler
                0x0000000008000cc8                DMA1_Stream6_IRQHandler
                0x0000000008000cc8                DMA1_Stream1_IRQHandler
                0x0000000008000cc8                UART4_IRQHandler
                0x0000000008000cc8                TIM3_IRQHandler
                0x0000000008000cc8                RCC_IRQHandler
                0x0000000008000cc8                TIM8_BRK_TIM12_IRQHandler
                0x0000000008000cc8                Default_Handler
                0x0000000008000cc8                EXTI15_10_IRQHandler
                0x0000000008000cc8                ADC_IRQHandler
                0x0000000008000cc8                DMA1_Stream7_IRQHandler
                0x0000000008000cc8                SPI5_IRQHandler
                0x0000000008000cc8                TIM7_IRQHandler
                0x0000000008000cc8                CAN2_TX_IRQHandler
                0x0000000008000cc8                TIM5_IRQHandler
                0x0000000008000cc8                DMA2_Stream7_IRQHandler
                0x0000000008000cc8                I2C3_EV_IRQHandler
                0x0000000008000cc8                EXTI9_5_IRQHandler
                0x0000000008000cc8                RTC_WKUP_IRQHandler
                0x0000000008000cc8                LTDC_IRQHandler
                0x0000000008000cc8                ETH_WKUP_IRQHandler
                0x0000000008000cc8                SPI2_IRQHandler
                0x0000000008000cc8                OTG_HS_EP1_IN_IRQHandler
                0x0000000008000cc8                DMA1_Stream0_IRQHandler
                0x0000000008000cc8                CAN1_TX_IRQHandler
                0x0000000008000cc8                EXTI4_IRQHandler
                0x0000000008000cc8                ETH_IRQHandler
                0x0000000008000cc8                OTG_HS_EP1_OUT_IRQHandler
                0x0000000008000cc8                WWDG_IRQHandler
                0x0000000008000cc8                SPI6_IRQHandler
                0x0000000008000cc8                TIM2_IRQHandler
                0x0000000008000cc8                OTG_FS_WKUP_IRQHandler
                0x0000000008000cc8                TIM1_TRG_COM_TIM11_IRQHandler
                0x0000000008000cc8                OTG_HS_IRQHandler
                0x0000000008000cc8                DMA2D_IRQHandler
                0x0000000008000cc8                EXTI1_IRQHandler
                0x0000000008000cc8                UART7_IRQHandler
                0x0000000008000cc8                USART2_IRQHandler
                0x0000000008000cc8                I2C2_ER_IRQHandler
                0x0000000008000cc8                DMA2_Stream1_IRQHandler
                0x0000000008000cc8                CAN1_SCE_IRQHandler
                0x0000000008000cc8                FLASH_IRQHandler
                0x0000000008000cc8                DMA2_Stream4_IRQHandler
                0x0000000008000cc8                USART1_IRQHandler
                0x0000000008000cc8                OTG_FS_IRQHandler
                0x0000000008000cc8                SPI3_IRQHandler
                0x0000000008000cc8                DMA1_Stream4_IRQHandler
                0x0000000008000cc8                I2C1_ER_IRQHandler
                0x0000000008000cc8                FMC_IRQHandler
                0x0000000008000cc8                DMA2_Stream6_IRQHandler
                0x0000000008000cc8                SAI1_IRQHandler
                0x0000000008000cc8                DMA1_Stream3_IRQHandler
 *fill*         0x0000000008000cca        0x2 
 .text.HAL_Init
                0x0000000008000ccc       0x44 ./Drivers/STM32F4xx_HAL_Driver/Src/stm32f4xx_hal.o
                0x0000000008000ccc                HAL_Init
 .text.HAL_InitTick
                0x0000000008000d10       0x60 ./Drivers/STM32F4xx_HAL_Driver/Src/stm32f4xx_hal.o
                0x0000000008000d10                HAL_InitTick
 .text.HAL_IncTick
                0x0000000008000d70       0x28 ./Drivers/STM32F4xx_HAL_Driver/Src/stm32f4xx_hal.o
                0x0000000008000d70                HAL_IncTick
 .text.HAL_GetTick
                0x0000000008000d98       0x18 ./Drivers/STM32F4xx_HAL_Driver/Src/stm32f4xx_hal.o
                0x0000000008000d98                HAL_GetTick
 .text.HAL_Delay
                0x0000000008000db0       0x48 ./Drivers/STM32F4xx_HAL_Driver/Src/stm32f4xx_hal.o
                0x0000000008000db0                HAL_Delay
 .text.__NVIC_SetPriorityGrouping
                0x0000000008000df8       0x48 ./Drivers/STM32F4xx_HAL_Driver/Src/stm32f4xx_hal_cortex.o
 .text.__NVIC_GetPriorityGrouping
                0x0000000008000e40       0x1c ./Drivers/STM32F4xx_HAL_Driver/Src/stm32f4xx_hal_cortex.o
 .text.__NVIC_SetPriority
                0x0000000008000e5c       0x54 ./Drivers/STM32F4xx_HAL_Driver/Src/stm32f4xx_hal_cortex.o
 .text.NVIC_EncodePriority
                0x0000000008000eb0       0x66 ./Drivers/STM32F4xx_HAL_Driver/Src/stm32f4xx_hal_cortex.o
 *fill*         0x0000000008000f16        0x2 
 .text.SysTick_Config
                0x0000000008000f18       0x44 ./Drivers/STM32F4xx_HAL_Driver/Src/stm32f4xx_hal_cortex.o
 .text.HAL_NVIC_SetPriorityGrouping
                0x0000000008000f5c       0x16 ./Drivers/STM32F4xx_HAL_Driver/Src/stm32f4xx_hal_cortex.o
                0x0000000008000f5c                HAL_NVIC_SetPriorityGrouping
 .text.HAL_NVIC_SetPriority
                0x0000000008000f72       0x38 ./Drivers/STM32F4xx_HAL_Driver/Src/stm32f4xx_hal_cortex.o
                0x0000000008000f72                HAL_NVIC_SetPriority
 .text.HAL_SYSTICK_Config
                0x0000000008000faa       0x18 ./Drivers/STM32F4xx_HAL_Driver/Src/stm32f4xx_hal_cortex.o
                0x0000000008000faa                HAL_SYSTICK_Config
 *fill*         0x0000000008000fc2        0x2 
 .text.HAL_ETH_Init
                0x0000000008000fc4       0xfc ./Drivers/STM32F4xx_HAL_Driver/Src/stm32f4xx_hal_eth.o
                0x0000000008000fc4                HAL_ETH_Init
 .text.ETH_SetMACConfig
                0x00000000080010c0      0x160 ./Drivers/STM32F4xx_HAL_Driver/Src/stm32f4xx_hal_eth.o
 .text.ETH_SetDMAConfig
                0x0000000008001220      0x114 ./Drivers/STM32F4xx_HAL_Driver/Src/stm32f4xx_hal_eth.o
 .text.ETH_MACDMAConfig
                0x0000000008001334       0xe4 ./Drivers/STM32F4xx_HAL_Driver/Src/stm32f4xx_hal_eth.o
 .text.ETH_MACAddressConfig
                0x0000000008001418       0x70 ./Drivers/STM32F4xx_HAL_Driver/Src/stm32f4xx_hal_eth.o
 .text.ETH_DMATxDescListInit
                0x0000000008001488       0xb2 ./Drivers/STM32F4xx_HAL_Driver/Src/stm32f4xx_hal_eth.o
 .text.ETH_DMARxDescListInit
                0x000000000800153a       0xda ./Drivers/STM32F4xx_HAL_Driver/Src/stm32f4xx_hal_eth.o
 .text.HAL_GPIO_Init
                0x0000000008001614      0x358 ./Drivers/STM32F4xx_HAL_Driver/Src/stm32f4xx_hal_gpio.o
                0x0000000008001614                HAL_GPIO_Init
 .text.HAL_GPIO_WritePin
                0x000000000800196c       0x32 ./Drivers/STM32F4xx_HAL_Driver/Src/stm32f4xx_hal_gpio.o
                0x000000000800196c                HAL_GPIO_WritePin
 .text.HAL_PCD_Init
                0x000000000800199e      0x23a ./Drivers/STM32F4xx_HAL_Driver/Src/stm32f4xx_hal_pcd.o
                0x000000000800199e                HAL_PCD_Init
 .text.HAL_RCC_OscConfig
                0x0000000008001bd8      0x4f0 ./Drivers/STM32F4xx_HAL_Driver/Src/stm32f4xx_hal_rcc.o
                0x0000000008001bd8                HAL_RCC_OscConfig
 .text.HAL_RCC_ClockConfig
                0x00000000080020c8      0x1cc ./Drivers/STM32F4xx_HAL_Driver/Src/stm32f4xx_hal_rcc.o
                0x00000000080020c8                HAL_RCC_ClockConfig
 .text.HAL_RCC_GetSysClockFreq
                0x0000000008002294      0x20c ./Drivers/STM32F4xx_HAL_Driver/Src/stm32f4xx_hal_rcc.o
                0x0000000008002294                HAL_RCC_GetSysClockFreq
 .text.HAL_RCC_GetHCLKFreq
                0x00000000080024a0       0x18 ./Drivers/STM32F4xx_HAL_Driver/Src/stm32f4xx_hal_rcc.o
                0x00000000080024a0                HAL_RCC_GetHCLKFreq
 .text.HAL_RCC_GetPCLK1Freq
                0x00000000080024b8       0x28 ./Drivers/STM32F4xx_HAL_Driver/Src/stm32f4xx_hal_rcc.o
                0x00000000080024b8                HAL_RCC_GetPCLK1Freq
 .text.HAL_RCC_GetPCLK2Freq
                0x00000000080024e0       0x28 ./Drivers/STM32F4xx_HAL_Driver/Src/stm32f4xx_hal_rcc.o
                0x00000000080024e0                HAL_RCC_GetPCLK2Freq
 .text.HAL_UART_Init
                0x0000000008002508       0x9a ./Drivers/STM32F4xx_HAL_Driver/Src/stm32f4xx_hal_uart.o
                0x0000000008002508                HAL_UART_Init
 *fill*         0x00000000080025a2        0x2 
 .text.UART_SetConfig
                0x00000000080025a4      0x4e8 ./Drivers/STM32F4xx_HAL_Driver/Src/stm32f4xx_hal_uart.o
 .text.USB_CoreInit
                0x0000000008002a8c       0xc2 ./Drivers/STM32F4xx_HAL_Driver/Src/stm32f4xx_ll_usb.o
                0x0000000008002a8c                USB_CoreInit
 .text.USB_DisableGlobalInt
                0x0000000008002b4e       0x22 ./Drivers/STM32F4xx_HAL_Driver/Src/stm32f4xx_ll_usb.o
                0x0000000008002b4e                USB_DisableGlobalInt
 .text.USB_SetCurrentMode
                0x0000000008002b70       0x98 ./Drivers/STM32F4xx_HAL_Driver/Src/stm32f4xx_ll_usb.o
                0x0000000008002b70                USB_SetCurrentMode
 .text.USB_DevInit
                0x0000000008002c08      0x2c8 ./Drivers/STM32F4xx_HAL_Driver/Src/stm32f4xx_ll_usb.o
                0x0000000008002c08                USB_DevInit
 .text.USB_FlushTxFifo
                0x0000000008002ed0       0x68 ./Drivers/STM32F4xx_HAL_Driver/Src/stm32f4xx_ll_usb.o
                0x0000000008002ed0                USB_FlushTxFifo
 .text.USB_FlushRxFifo
                0x0000000008002f38       0x60 ./Drivers/STM32F4xx_HAL_Driver/Src/stm32f4xx_ll_usb.o
                0x0000000008002f38                USB_FlushRxFifo
 .text.USB_SetDevSpeed
                0x0000000008002f98       0x32 ./Drivers/STM32F4xx_HAL_Driver/Src/stm32f4xx_ll_usb.o
                0x0000000008002f98                USB_SetDevSpeed
 .text.USB_DevDisconnect
                0x0000000008002fca       0x42 ./Drivers/STM32F4xx_HAL_Driver/Src/stm32f4xx_ll_usb.o
                0x0000000008002fca                USB_DevDisconnect
 .text.USB_GetMode
                0x000000000800300c       0x1c ./Drivers/STM32F4xx_HAL_Driver/Src/stm32f4xx_ll_usb.o
                0x000000000800300c                USB_GetMode
 .text.USB_CoreReset
                0x0000000008003028       0x68 ./Drivers/STM32F4xx_HAL_Driver/Src/stm32f4xx_ll_usb.o
 .text.__libc_init_array
                0x0000000008003090       0x48 c:/st/stm32cubeide_1.11.2/stm32cubeide/plugins/com.st.stm32cube.ide.mcu.externaltools.gnu-tools-for-stm32.10.3-2021.10.win32_1.0.200.202301161003/tools/bin/../lib/gcc/arm-none-eabi/10.3.1/../../../../arm-none-eabi/lib/thumb/v7e-m+fp/hard\libc_nano.a(lib_a-init.o)
                0x0000000008003090                __libc_init_array
 .text.memset   0x00000000080030d8       0x10 c:/st/stm32cubeide_1.11.2/stm32cubeide/plugins/com.st.stm32cube.ide.mcu.externaltools.gnu-tools-for-stm32.10.3-2021.10.win32_1.0.200.202301161003/tools/bin/../lib/gcc/arm-none-eabi/10.3.1/../../../../arm-none-eabi/lib/thumb/v7e-m+fp/hard\libc_nano.a(lib_a-memset.o)
                0x00000000080030d8                memset
 *(.glue_7)
 .glue_7        0x00000000080030e8        0x0 linker stubs
 *(.glue_7t)
 .glue_7t       0x00000000080030e8        0x0 linker stubs
 *(.eh_frame)
 .eh_frame      0x00000000080030e8        0x0 c:/st/stm32cubeide_1.11.2/stm32cubeide/plugins/com.st.stm32cube.ide.mcu.externaltools.gnu-tools-for-stm32.10.3-2021.10.win32_1.0.200.202301161003/tools/bin/../lib/gcc/arm-none-eabi/10.3.1/thumb/v7e-m+fp/hard/crtbegin.o
 *(.init)
 .init          0x00000000080030e8        0x4 c:/st/stm32cubeide_1.11.2/stm32cubeide/plugins/com.st.stm32cube.ide.mcu.externaltools.gnu-tools-for-stm32.10.3-2021.10.win32_1.0.200.202301161003/tools/bin/../lib/gcc/arm-none-eabi/10.3.1/thumb/v7e-m+fp/hard/crti.o
                0x00000000080030e8                _init
 .init          0x00000000080030ec        0x8 c:/st/stm32cubeide_1.11.2/stm32cubeide/plugins/com.st.stm32cube.ide.mcu.externaltools.gnu-tools-for-stm32.10.3-2021.10.win32_1.0.200.202301161003/tools/bin/../lib/gcc/arm-none-eabi/10.3.1/thumb/v7e-m+fp/hard/crtn.o
 *(.fini)
 .fini          0x00000000080030f4        0x4 c:/st/stm32cubeide_1.11.2/stm32cubeide/plugins/com.st.stm32cube.ide.mcu.externaltools.gnu-tools-for-stm32.10.3-2021.10.win32_1.0.200.202301161003/tools/bin/../lib/gcc/arm-none-eabi/10.3.1/thumb/v7e-m+fp/hard/crti.o
                0x00000000080030f4                _fini
 .fini          0x00000000080030f8        0x8 c:/st/stm32cubeide_1.11.2/stm32cubeide/plugins/com.st.stm32cube.ide.mcu.externaltools.gnu-tools-for-stm32.10.3-2021.10.win32_1.0.200.202301161003/tools/bin/../lib/gcc/arm-none-eabi/10.3.1/thumb/v7e-m+fp/hard/crtn.o
                0x0000000008003100                . = ALIGN (0x4)
                0x0000000008003100                _etext = .

.vfp11_veneer   0x0000000008003100        0x0
 .vfp11_veneer  0x0000000008003100        0x0 linker stubs

.v4_bx          0x0000000008003100        0x0
 .v4_bx         0x0000000008003100        0x0 linker stubs

.iplt           0x0000000008003100        0x0
 .iplt          0x0000000008003100        0x0 c:/st/stm32cubeide_1.11.2/stm32cubeide/plugins/com.st.stm32cube.ide.mcu.externaltools.gnu-tools-for-stm32.10.3-2021.10.win32_1.0.200.202301161003/tools/bin/../lib/gcc/arm-none-eabi/10.3.1/thumb/v7e-m+fp/hard/crtbegin.o

.rodata         0x0000000008003100       0x18
                0x0000000008003100                . = ALIGN (0x4)
 *(.rodata)
 *(.rodata*)
 .rodata.AHBPrescTable
                0x0000000008003100       0x10 ./Core/Src/system_stm32f4xx.o
                0x0000000008003100                AHBPrescTable
 .rodata.APBPrescTable
                0x0000000008003110        0x8 ./Core/Src/system_stm32f4xx.o
                0x0000000008003110                APBPrescTable
                0x0000000008003118                . = ALIGN (0x4)

.ARM.extab      0x0000000008003118        0x0
                0x0000000008003118                . = ALIGN (0x4)
 *(.ARM.extab* .gnu.linkonce.armextab.*)
                0x0000000008003118                . = ALIGN (0x4)

.ARM            0x0000000008003118        0x8
                0x0000000008003118                . = ALIGN (0x4)
                0x0000000008003118                __exidx_start = .
 *(.ARM.exidx*)
 .ARM.exidx     0x0000000008003118        0x8 c:/st/stm32cubeide_1.11.2/stm32cubeide/plugins/com.st.stm32cube.ide.mcu.externaltools.gnu-tools-for-stm32.10.3-2021.10.win32_1.0.200.202301161003/tools/bin/../lib/gcc/arm-none-eabi/10.3.1/thumb/v7e-m+fp/hard\libgcc.a(_udivmoddi4.o)
                0x0000000008003120                __exidx_end = .
                0x0000000008003120                . = ALIGN (0x4)

.rel.dyn        0x0000000008003120        0x0
 .rel.iplt      0x0000000008003120        0x0 c:/st/stm32cubeide_1.11.2/stm32cubeide/plugins/com.st.stm32cube.ide.mcu.externaltools.gnu-tools-for-stm32.10.3-2021.10.win32_1.0.200.202301161003/tools/bin/../lib/gcc/arm-none-eabi/10.3.1/thumb/v7e-m+fp/hard/crtbegin.o

.preinit_array  0x0000000008003120        0x0
                0x0000000008003120                . = ALIGN (0x4)
                0x0000000008003120                PROVIDE (__preinit_array_start = .)
 *(.preinit_array*)
                0x0000000008003120                PROVIDE (__preinit_array_end = .)
                0x0000000008003120                . = ALIGN (0x4)

.init_array     0x0000000008003120        0x4
                0x0000000008003120                . = ALIGN (0x4)
                0x0000000008003120                PROVIDE (__init_array_start = .)
 *(SORT_BY_NAME(.init_array.*))
 *(.init_array*)
 .init_array    0x0000000008003120        0x4 c:/st/stm32cubeide_1.11.2/stm32cubeide/plugins/com.st.stm32cube.ide.mcu.externaltools.gnu-tools-for-stm32.10.3-2021.10.win32_1.0.200.202301161003/tools/bin/../lib/gcc/arm-none-eabi/10.3.1/thumb/v7e-m+fp/hard/crtbegin.o
                0x0000000008003124                PROVIDE (__init_array_end = .)
                0x0000000008003124                . = ALIGN (0x4)

.fini_array     0x0000000008003124        0x4
                0x0000000008003124                . = ALIGN (0x4)
                [!provide]                        PROVIDE (__fini_array_start = .)
 *(SORT_BY_NAME(.fini_array.*))
 *(.fini_array*)
 .fini_array    0x0000000008003124        0x4 c:/st/stm32cubeide_1.11.2/stm32cubeide/plugins/com.st.stm32cube.ide.mcu.externaltools.gnu-tools-for-stm32.10.3-2021.10.win32_1.0.200.202301161003/tools/bin/../lib/gcc/arm-none-eabi/10.3.1/thumb/v7e-m+fp/hard/crtbegin.o
                [!provide]                        PROVIDE (__fini_array_end = .)
                0x0000000008003128                . = ALIGN (0x4)
                0x0000000008003128                _sidata = LOADADDR (.data)

.data           0x0000000020000000       0x34 load address 0x0000000008003128
                0x0000000020000000                . = ALIGN (0x4)
                0x0000000020000000                _sdata = .
 *(.data)
 *(.data*)
 .data.vector_prueba32_in
                0x0000000020000000       0x28 ./Core/Src/main.o
                0x0000000020000000                vector_prueba32_in
 .data.SystemCoreClock
                0x0000000020000028        0x4 ./Core/Src/system_stm32f4xx.o
                0x0000000020000028                SystemCoreClock
 .data.uwTickPrio
                0x000000002000002c        0x4 ./Drivers/STM32F4xx_HAL_Driver/Src/stm32f4xx_hal.o
                0x000000002000002c                uwTickPrio
 .data.uwTickFreq
                0x0000000020000030        0x1 ./Drivers/STM32F4xx_HAL_Driver/Src/stm32f4xx_hal.o
                0x0000000020000030                uwTickFreq
 *(.RamFunc)
 *(.RamFunc*)
                0x0000000020000034                . = ALIGN (0x4)
 *fill*         0x0000000020000031        0x3 
                0x0000000020000034                _edata = .
                0x000000000800315c                _siccmram = LOADADDR (.ccmram)

.igot.plt       0x0000000020000034        0x0 load address 0x000000000800315c
 .igot.plt      0x0000000020000034        0x0 c:/st/stm32cubeide_1.11.2/stm32cubeide/plugins/com.st.stm32cube.ide.mcu.externaltools.gnu-tools-for-stm32.10.3-2021.10.win32_1.0.200.202301161003/tools/bin/../lib/gcc/arm-none-eabi/10.3.1/thumb/v7e-m+fp/hard/crtbegin.o

.ccmram         0x0000000010000000        0x0 load address 0x000000000800315c
                0x0000000010000000                . = ALIGN (0x4)
                0x0000000010000000                _sccmram = .
 *(.ccmram)
 *(.ccmram*)
                0x0000000010000000                . = ALIGN (0x4)
                0x0000000010000000                _eccmram = .
                0x0000000010000000                . = ALIGN (0x4)

.bss            0x0000000020000034      0x7a0
                0x0000000020000034                _sbss = .
                0x0000000020000034                __bss_start__ = _sbss
 *(.bss)
 .bss           0x0000000020000034       0x1c c:/st/stm32cubeide_1.11.2/stm32cubeide/plugins/com.st.stm32cube.ide.mcu.externaltools.gnu-tools-for-stm32.10.3-2021.10.win32_1.0.200.202301161003/tools/bin/../lib/gcc/arm-none-eabi/10.3.1/thumb/v7e-m+fp/hard/crtbegin.o
 *(.bss*)
 .bss.TxConfig  0x0000000020000050       0x38 ./Core/Src/init.o
                0x0000000020000050                TxConfig
 .bss.DMARxDscrTab
                0x0000000020000088       0xa0 ./Core/Src/init.o
                0x0000000020000088                DMARxDscrTab
 .bss.DMATxDscrTab
                0x0000000020000128       0xa0 ./Core/Src/init.o
                0x0000000020000128                DMATxDscrTab
 .bss.heth      0x00000000200001c8       0xb0 ./Core/Src/init.o
                0x00000000200001c8                heth
 .bss.huart3    0x0000000020000278       0x44 ./Core/Src/init.o
                0x0000000020000278                huart3
 .bss.hpcd_USB_OTG_FS
                0x00000000200002bc      0x50c ./Core/Src/init.o
                0x00000000200002bc                hpcd_USB_OTG_FS
 .bss.MACAddr.0
                0x00000000200007c8        0x6 ./Core/Src/init.o
 *fill*         0x00000000200007ce        0x2 
 .bss.uwTick    0x00000000200007d0        0x4 ./Drivers/STM32F4xx_HAL_Driver/Src/stm32f4xx_hal.o
                0x00000000200007d0                uwTick
 *(COMMON)
                0x00000000200007d4                . = ALIGN (0x4)
                0x00000000200007d4                _ebss = .
                0x00000000200007d4                __bss_end__ = _ebss

._user_heap_stack
                0x00000000200007d4      0x604
                0x00000000200007d8                . = ALIGN (0x8)
 *fill*         0x00000000200007d4        0x4 
                [!provide]                        PROVIDE (end = .)
                0x00000000200007d8                PROVIDE (_end = .)
                0x00000000200009d8                . = (. + _Min_Heap_Size)
 *fill*         0x00000000200007d8      0x200 
                0x0000000020000dd8                . = (. + _Min_Stack_Size)
 *fill*         0x00000000200009d8      0x400 
                0x0000000020000dd8                . = ALIGN (0x8)

/DISCARD/
 libc.a(*)
 libm.a(*)
 libgcc.a(*)

.ARM.attributes
                0x0000000000000000       0x30
 *(.ARM.attributes)
 .ARM.attributes
                0x0000000000000000       0x1e c:/st/stm32cubeide_1.11.2/stm32cubeide/plugins/com.st.stm32cube.ide.mcu.externaltools.gnu-tools-for-stm32.10.3-2021.10.win32_1.0.200.202301161003/tools/bin/../lib/gcc/arm-none-eabi/10.3.1/thumb/v7e-m+fp/hard/crti.o
 .ARM.attributes
                0x000000000000001e       0x34 c:/st/stm32cubeide_1.11.2/stm32cubeide/plugins/com.st.stm32cube.ide.mcu.externaltools.gnu-tools-for-stm32.10.3-2021.10.win32_1.0.200.202301161003/tools/bin/../lib/gcc/arm-none-eabi/10.3.1/thumb/v7e-m+fp/hard/crtbegin.o
 .ARM.attributes
                0x0000000000000052       0x34 ./Core/Src/init.o
 .ARM.attributes
                0x0000000000000086       0x34 ./Core/Src/main.o
 .ARM.attributes
                0x00000000000000ba       0x34 ./Core/Src/stm32f4xx_hal_msp.o
 .ARM.attributes
                0x00000000000000ee       0x34 ./Core/Src/stm32f4xx_it.o
 .ARM.attributes
                0x0000000000000122       0x34 ./Core/Src/system_stm32f4xx.o
 .ARM.attributes
                0x0000000000000156       0x21 ./Core/Startup/startup_stm32f429zitx.o
 .ARM.attributes
                0x0000000000000177       0x34 ./Drivers/STM32F4xx_HAL_Driver/Src/stm32f4xx_hal.o
 .ARM.attributes
                0x00000000000001ab       0x34 ./Drivers/STM32F4xx_HAL_Driver/Src/stm32f4xx_hal_cortex.o
 .ARM.attributes
                0x00000000000001df       0x34 ./Drivers/STM32F4xx_HAL_Driver/Src/stm32f4xx_hal_eth.o
 .ARM.attributes
                0x0000000000000213       0x34 ./Drivers/STM32F4xx_HAL_Driver/Src/stm32f4xx_hal_gpio.o
 .ARM.attributes
                0x0000000000000247       0x34 ./Drivers/STM32F4xx_HAL_Driver/Src/stm32f4xx_hal_pcd.o
 .ARM.attributes
                0x000000000000027b       0x34 ./Drivers/STM32F4xx_HAL_Driver/Src/stm32f4xx_hal_rcc.o
 .ARM.attributes
                0x00000000000002af       0x34 ./Drivers/STM32F4xx_HAL_Driver/Src/stm32f4xx_hal_uart.o
 .ARM.attributes
                0x00000000000002e3       0x34 ./Drivers/STM32F4xx_HAL_Driver/Src/stm32f4xx_ll_usb.o
 .ARM.attributes
                0x0000000000000317       0x34 c:/st/stm32cubeide_1.11.2/stm32cubeide/plugins/com.st.stm32cube.ide.mcu.externaltools.gnu-tools-for-stm32.10.3-2021.10.win32_1.0.200.202301161003/tools/bin/../lib/gcc/arm-none-eabi/10.3.1/../../../../arm-none-eabi/lib/thumb/v7e-m+fp/hard\libc_nano.a(lib_a-init.o)
 .ARM.attributes
                0x000000000000034b       0x34 c:/st/stm32cubeide_1.11.2/stm32cubeide/plugins/com.st.stm32cube.ide.mcu.externaltools.gnu-tools-for-stm32.10.3-2021.10.win32_1.0.200.202301161003/tools/bin/../lib/gcc/arm-none-eabi/10.3.1/../../../../arm-none-eabi/lib/thumb/v7e-m+fp/hard\libc_nano.a(lib_a-memset.o)
 .ARM.attributes
                0x000000000000037f       0x1e c:/st/stm32cubeide_1.11.2/stm32cubeide/plugins/com.st.stm32cube.ide.mcu.externaltools.gnu-tools-for-stm32.10.3-2021.10.win32_1.0.200.202301161003/tools/bin/../lib/gcc/arm-none-eabi/10.3.1/thumb/v7e-m+fp/hard\libgcc.a(_aeabi_uldivmod.o)
 .ARM.attributes
                0x000000000000039d       0x34 c:/st/stm32cubeide_1.11.2/stm32cubeide/plugins/com.st.stm32cube.ide.mcu.externaltools.gnu-tools-for-stm32.10.3-2021.10.win32_1.0.200.202301161003/tools/bin/../lib/gcc/arm-none-eabi/10.3.1/thumb/v7e-m+fp/hard\libgcc.a(_udivmoddi4.o)
 .ARM.attributes
                0x00000000000003d1       0x1e c:/st/stm32cubeide_1.11.2/stm32cubeide/plugins/com.st.stm32cube.ide.mcu.externaltools.gnu-tools-for-stm32.10.3-2021.10.win32_1.0.200.202301161003/tools/bin/../lib/gcc/arm-none-eabi/10.3.1/thumb/v7e-m+fp/hard\libgcc.a(_dvmd_tls.o)
 .ARM.attributes
                0x00000000000003ef       0x1e c:/st/stm32cubeide_1.11.2/stm32cubeide/plugins/com.st.stm32cube.ide.mcu.externaltools.gnu-tools-for-stm32.10.3-2021.10.win32_1.0.200.202301161003/tools/bin/../lib/gcc/arm-none-eabi/10.3.1/thumb/v7e-m+fp/hard/crtn.o
OUTPUT(AdM.elf elf32-littlearm)
LOAD linker stubs
LOAD c:/st/stm32cubeide_1.11.2/stm32cubeide/plugins/com.st.stm32cube.ide.mcu.externaltools.gnu-tools-for-stm32.10.3-2021.10.win32_1.0.200.202301161003/tools/bin/../lib/gcc/arm-none-eabi/10.3.1/../../../../arm-none-eabi/lib/thumb/v7e-m+fp/hard\libc.a
LOAD c:/st/stm32cubeide_1.11.2/stm32cubeide/plugins/com.st.stm32cube.ide.mcu.externaltools.gnu-tools-for-stm32.10.3-2021.10.win32_1.0.200.202301161003/tools/bin/../lib/gcc/arm-none-eabi/10.3.1/../../../../arm-none-eabi/lib/thumb/v7e-m+fp/hard\libm.a
LOAD c:/st/stm32cubeide_1.11.2/stm32cubeide/plugins/com.st.stm32cube.ide.mcu.externaltools.gnu-tools-for-stm32.10.3-2021.10.win32_1.0.200.202301161003/tools/bin/../lib/gcc/arm-none-eabi/10.3.1/thumb/v7e-m+fp/hard\libgcc.a

.debug_info     0x0000000000000000     0xf046
 .debug_info    0x0000000000000000     0x1bb9 ./Core/Src/init.o
 .debug_info    0x0000000000001bb9      0x75b ./Core/Src/main.o
 .debug_info    0x0000000000002314     0x1840 ./Core/Src/stm32f4xx_hal_msp.o
 .debug_info    0x0000000000003b54      0x121 ./Core/Src/stm32f4xx_it.o
 .debug_info    0x0000000000003c75      0x53f ./Core/Src/system_stm32f4xx.o
 .debug_info    0x00000000000041b4       0x22 ./Core/Startup/startup_stm32f429zitx.o
 .debug_info    0x00000000000041d6      0x9f4 ./Drivers/STM32F4xx_HAL_Driver/Src/stm32f4xx_hal.o
 .debug_info    0x0000000000004bca      0xe51 ./Drivers/STM32F4xx_HAL_Driver/Src/stm32f4xx_hal_cortex.o
 .debug_info    0x0000000000005a1b     0x223b ./Drivers/STM32F4xx_HAL_Driver/Src/stm32f4xx_hal_eth.o
 .debug_info    0x0000000000007c56      0x786 ./Drivers/STM32F4xx_HAL_Driver/Src/stm32f4xx_hal_gpio.o
 .debug_info    0x00000000000083dc     0x1695 ./Drivers/STM32F4xx_HAL_Driver/Src/stm32f4xx_hal_pcd.o
 .debug_info    0x0000000000009a71      0x982 ./Drivers/STM32F4xx_HAL_Driver/Src/stm32f4xx_hal_rcc.o
 .debug_info    0x000000000000a3f3     0x31bc ./Drivers/STM32F4xx_HAL_Driver/Src/stm32f4xx_hal_uart.o
 .debug_info    0x000000000000d5af     0x1a97 ./Drivers/STM32F4xx_HAL_Driver/Src/stm32f4xx_ll_usb.o

.debug_abbrev   0x0000000000000000     0x1c33
 .debug_abbrev  0x0000000000000000      0x299 ./Core/Src/init.o
 .debug_abbrev  0x0000000000000299      0x117 ./Core/Src/main.o
 .debug_abbrev  0x00000000000003b0      0x23e ./Core/Src/stm32f4xx_hal_msp.o
 .debug_abbrev  0x00000000000005ee       0x74 ./Core/Src/stm32f4xx_it.o
 .debug_abbrev  0x0000000000000662      0x116 ./Core/Src/system_stm32f4xx.o
 .debug_abbrev  0x0000000000000778       0x12 ./Core/Startup/startup_stm32f429zitx.o
 .debug_abbrev  0x000000000000078a      0x20d ./Drivers/STM32F4xx_HAL_Driver/Src/stm32f4xx_hal.o
 .debug_abbrev  0x0000000000000997      0x316 ./Drivers/STM32F4xx_HAL_Driver/Src/stm32f4xx_hal_cortex.o
 .debug_abbrev  0x0000000000000cad      0x2d3 ./Drivers/STM32F4xx_HAL_Driver/Src/stm32f4xx_hal_eth.o
 .debug_abbrev  0x0000000000000f80      0x1c4 ./Drivers/STM32F4xx_HAL_Driver/Src/stm32f4xx_hal_gpio.o
 .debug_abbrev  0x0000000000001144      0x2bb ./Drivers/STM32F4xx_HAL_Driver/Src/stm32f4xx_hal_pcd.o
 .debug_abbrev  0x00000000000013ff      0x2aa ./Drivers/STM32F4xx_HAL_Driver/Src/stm32f4xx_hal_rcc.o
 .debug_abbrev  0x00000000000016a9      0x2f4 ./Drivers/STM32F4xx_HAL_Driver/Src/stm32f4xx_hal_uart.o
 .debug_abbrev  0x000000000000199d      0x296 ./Drivers/STM32F4xx_HAL_Driver/Src/stm32f4xx_ll_usb.o

.debug_aranges  0x0000000000000000      0xbd0
 .debug_aranges
                0x0000000000000000       0x50 ./Core/Src/init.o
 .debug_aranges
                0x0000000000000050       0xc0 ./Core/Src/main.o
 .debug_aranges
                0x0000000000000110       0x50 ./Core/Src/stm32f4xx_hal_msp.o
 .debug_aranges
                0x0000000000000160       0x60 ./Core/Src/stm32f4xx_it.o
 .debug_aranges
                0x00000000000001c0       0x28 ./Core/Src/system_stm32f4xx.o
 .debug_aranges
                0x00000000000001e8       0x28 ./Core/Startup/startup_stm32f429zitx.o
 .debug_aranges
                0x0000000000000210      0x100 ./Drivers/STM32F4xx_HAL_Driver/Src/stm32f4xx_hal.o
 .debug_aranges
                0x0000000000000310      0x118 ./Drivers/STM32F4xx_HAL_Driver/Src/stm32f4xx_hal_cortex.o
 .debug_aranges
                0x0000000000000428      0x1e0 ./Drivers/STM32F4xx_HAL_Driver/Src/stm32f4xx_hal_eth.o
 .debug_aranges
                0x0000000000000608       0x58 ./Drivers/STM32F4xx_HAL_Driver/Src/stm32f4xx_hal_gpio.o
 .debug_aranges
                0x0000000000000660      0x148 ./Drivers/STM32F4xx_HAL_Driver/Src/stm32f4xx_hal_pcd.o
 .debug_aranges
                0x00000000000007a8       0x88 ./Drivers/STM32F4xx_HAL_Driver/Src/stm32f4xx_hal_rcc.o
 .debug_aranges
                0x0000000000000830      0x200 ./Drivers/STM32F4xx_HAL_Driver/Src/stm32f4xx_hal_uart.o
 .debug_aranges
                0x0000000000000a30      0x1a0 ./Drivers/STM32F4xx_HAL_Driver/Src/stm32f4xx_ll_usb.o

.debug_ranges   0x0000000000000000      0xb28
 .debug_ranges  0x0000000000000000       0x40 ./Core/Src/init.o
 .debug_ranges  0x0000000000000040       0xb0 ./Core/Src/main.o
 .debug_ranges  0x00000000000000f0       0x40 ./Core/Src/stm32f4xx_hal_msp.o
 .debug_ranges  0x0000000000000130       0x50 ./Core/Src/stm32f4xx_it.o
 .debug_ranges  0x0000000000000180       0x18 ./Core/Src/system_stm32f4xx.o
 .debug_ranges  0x0000000000000198       0x20 ./Core/Startup/startup_stm32f429zitx.o
 .debug_ranges  0x00000000000001b8       0xf0 ./Drivers/STM32F4xx_HAL_Driver/Src/stm32f4xx_hal.o
 .debug_ranges  0x00000000000002a8      0x108 ./Drivers/STM32F4xx_HAL_Driver/Src/stm32f4xx_hal_cortex.o
 .debug_ranges  0x00000000000003b0      0x1d0 ./Drivers/STM32F4xx_HAL_Driver/Src/stm32f4xx_hal_eth.o
 .debug_ranges  0x0000000000000580       0x48 ./Drivers/STM32F4xx_HAL_Driver/Src/stm32f4xx_hal_gpio.o
 .debug_ranges  0x00000000000005c8      0x138 ./Drivers/STM32F4xx_HAL_Driver/Src/stm32f4xx_hal_pcd.o
 .debug_ranges  0x0000000000000700       0x78 ./Drivers/STM32F4xx_HAL_Driver/Src/stm32f4xx_hal_rcc.o
 .debug_ranges  0x0000000000000778      0x220 ./Drivers/STM32F4xx_HAL_Driver/Src/stm32f4xx_hal_uart.o
 .debug_ranges  0x0000000000000998      0x190 ./Drivers/STM32F4xx_HAL_Driver/Src/stm32f4xx_ll_usb.o

.debug_macro    0x0000000000000000    0x23f97
 .debug_macro   0x0000000000000000      0x2ce ./Core/Src/init.o
 .debug_macro   0x00000000000002ce      0xa78 ./Core/Src/init.o
 .debug_macro   0x0000000000000d46      0x2a1 ./Core/Src/init.o
 .debug_macro   0x0000000000000fe7       0x2e ./Core/Src/init.o
 .debug_macro   0x0000000000001015       0x28 ./Core/Src/init.o
 .debug_macro   0x000000000000103d       0x22 ./Core/Src/init.o
 .debug_macro   0x000000000000105f       0x8e ./Core/Src/init.o
 .debug_macro   0x00000000000010ed       0x51 ./Core/Src/init.o
 .debug_macro   0x000000000000113e      0x103 ./Core/Src/init.o
 .debug_macro   0x0000000000001241       0x6a ./Core/Src/init.o
 .debug_macro   0x00000000000012ab      0x1df ./Core/Src/init.o
 .debug_macro   0x000000000000148a       0x1c ./Core/Src/init.o
 .debug_macro   0x00000000000014a6       0x22 ./Core/Src/init.o
 .debug_macro   0x00000000000014c8       0xd9 ./Core/Src/init.o
 .debug_macro   0x00000000000015a1     0x102d ./Core/Src/init.o
 .debug_macro   0x00000000000025ce      0x11f ./Core/Src/init.o
 .debug_macro   0x00000000000026ed    0x17fc0 ./Core/Src/init.o
 .debug_macro   0x000000000001a6ad       0x6d ./Core/Src/init.o
 .debug_macro   0x000000000001a71a     0x36f5 ./Core/Src/init.o
 .debug_macro   0x000000000001de0f      0x174 ./Core/Src/init.o
 .debug_macro   0x000000000001df83       0x5c ./Core/Src/init.o
 .debug_macro   0x000000000001dfdf      0xca5 ./Core/Src/init.o
 .debug_macro   0x000000000001ec84      0x9fe ./Core/Src/init.o
 .debug_macro   0x000000000001f682      0x115 ./Core/Src/init.o
 .debug_macro   0x000000000001f797      0x156 ./Core/Src/init.o
 .debug_macro   0x000000000001f8ed       0xa5 ./Core/Src/init.o
 .debug_macro   0x000000000001f992      0x182 ./Core/Src/init.o
 .debug_macro   0x000000000001fb14      0x287 ./Core/Src/init.o
 .debug_macro   0x000000000001fd9b       0x5f ./Core/Src/init.o
 .debug_macro   0x000000000001fdfa      0x236 ./Core/Src/init.o
 .debug_macro   0x0000000000020030      0xd44 ./Core/Src/init.o
 .debug_macro   0x0000000000020d74      0x132 ./Core/Src/init.o
 .debug_macro   0x0000000000020ea6      0x41d ./Core/Src/init.o
 .debug_macro   0x00000000000212c3       0x2e ./Core/Src/init.o
 .debug_macro   0x00000000000212f1      0x11a ./Core/Src/init.o
 .debug_macro   0x000000000002140b       0xe2 ./Core/Src/init.o
 .debug_macro   0x00000000000214ed       0x89 ./Core/Src/init.o
 .debug_macro   0x0000000000021576      0x295 ./Core/Src/init.o
 .debug_macro   0x000000000002180b      0x248 ./Core/Src/init.o
 .debug_macro   0x0000000000021a53       0xba ./Core/Src/init.o
 .debug_macro   0x0000000000021b0d      0x134 ./Core/Src/init.o
 .debug_macro   0x0000000000021c41      0x130 ./Core/Src/init.o
 .debug_macro   0x0000000000021d71       0x52 ./Core/Src/init.o
 .debug_macro   0x0000000000021dc3       0x1e ./Core/Src/init.o
 .debug_macro   0x0000000000021de1       0x3c ./Core/Src/init.o
 .debug_macro   0x0000000000021e1d       0x34 ./Core/Src/init.o
 .debug_macro   0x0000000000021e51       0x16 ./Core/Src/init.o
 .debug_macro   0x0000000000021e67       0x43 ./Core/Src/init.o
 .debug_macro   0x0000000000021eaa       0x34 ./Core/Src/init.o
 .debug_macro   0x0000000000021ede       0x10 ./Core/Src/init.o
 .debug_macro   0x0000000000021eee       0x58 ./Core/Src/init.o
 .debug_macro   0x0000000000021f46       0x71 ./Core/Src/init.o
 .debug_macro   0x0000000000021fb7       0x1c ./Core/Src/init.o
 .debug_macro   0x0000000000021fd3      0x12a ./Core/Src/init.o
 .debug_macro   0x00000000000220fd      0x341 ./Core/Src/init.o
 .debug_macro   0x000000000002243e       0x10 ./Core/Src/init.o
 .debug_macro   0x000000000002244e       0x35 ./Core/Src/init.o
 .debug_macro   0x0000000000022483       0x20 ./Core/Src/init.o
 .debug_macro   0x00000000000224a3      0x136 ./Core/Src/init.o
 .debug_macro   0x00000000000225d9      0x1fd ./Core/Src/main.o
 .debug_macro   0x00000000000227d6      0x130 ./Core/Src/main.o
 .debug_macro   0x0000000000022906      0x1f7 ./Core/Src/stm32f4xx_hal_msp.o
 .debug_macro   0x0000000000022afd      0x201 ./Core/Src/stm32f4xx_it.o
 .debug_macro   0x0000000000022cfe      0x1e8 ./Core/Src/system_stm32f4xx.o
 .debug_macro   0x0000000000022ee6      0x248 ./Drivers/STM32F4xx_HAL_Driver/Src/stm32f4xx_hal.o
 .debug_macro   0x000000000002312e      0x1e8 ./Drivers/STM32F4xx_HAL_Driver/Src/stm32f4xx_hal_cortex.o
 .debug_macro   0x0000000000023316      0x2c2 ./Drivers/STM32F4xx_HAL_Driver/Src/stm32f4xx_hal_eth.o
 .debug_macro   0x00000000000235d8      0x1ee ./Drivers/STM32F4xx_HAL_Driver/Src/stm32f4xx_hal_gpio.o
 .debug_macro   0x00000000000237c6      0x1f4 ./Drivers/STM32F4xx_HAL_Driver/Src/stm32f4xx_hal_pcd.o
 .debug_macro   0x00000000000239ba      0x20c ./Drivers/STM32F4xx_HAL_Driver/Src/stm32f4xx_hal_rcc.o
 .debug_macro   0x0000000000023bc6      0x1e9 ./Drivers/STM32F4xx_HAL_Driver/Src/stm32f4xx_hal_uart.o
 .debug_macro   0x0000000000023daf      0x1e8 ./Drivers/STM32F4xx_HAL_Driver/Src/stm32f4xx_ll_usb.o

.debug_line     0x0000000000000000     0xcddc
 .debug_line    0x0000000000000000      0x9d9 ./Core/Src/init.o
 .debug_line    0x00000000000009d9      0xa03 ./Core/Src/main.o
 .debug_line    0x00000000000013dc      0x820 ./Core/Src/stm32f4xx_hal_msp.o
 .debug_line    0x0000000000001bfc      0x7b3 ./Core/Src/stm32f4xx_it.o
 .debug_line    0x00000000000023af      0x772 ./Core/Src/system_stm32f4xx.o
 .debug_line    0x0000000000002b21       0x88 ./Core/Startup/startup_stm32f429zitx.o
 .debug_line    0x0000000000002ba9      0xa0e ./Drivers/STM32F4xx_HAL_Driver/Src/stm32f4xx_hal.o
 .debug_line    0x00000000000035b7      0xc87 ./Drivers/STM32F4xx_HAL_Driver/Src/stm32f4xx_hal_cortex.o
 .debug_line    0x000000000000423e     0x1949 ./Drivers/STM32F4xx_HAL_Driver/Src/stm32f4xx_hal_eth.o
 .debug_line    0x0000000000005b87      0xb74 ./Drivers/STM32F4xx_HAL_Driver/Src/stm32f4xx_hal_gpio.o
 .debug_line    0x00000000000066fb     0x147b ./Drivers/STM32F4xx_HAL_Driver/Src/stm32f4xx_hal_pcd.o
 .debug_line    0x0000000000007b76      0xd54 ./Drivers/STM32F4xx_HAL_Driver/Src/stm32f4xx_hal_rcc.o
 .debug_line    0x00000000000088ca     0x2a7d ./Drivers/STM32F4xx_HAL_Driver/Src/stm32f4xx_hal_uart.o
 .debug_line    0x000000000000b347     0x1a95 ./Drivers/STM32F4xx_HAL_Driver/Src/stm32f4xx_ll_usb.o

.debug_str      0x0000000000000000    0xd9536
 .debug_str     0x0000000000000000    0xd5a47 ./Core/Src/init.o
                                      0xd5db2 (size before relaxing)
 .debug_str     0x00000000000d5a47      0x20e ./Core/Src/main.o
                                      0xd1fbf (size before relaxing)
 .debug_str     0x00000000000d5c55       0xaf ./Core/Src/stm32f4xx_hal_msp.o
                                      0xd2c88 (size before relaxing)
 .debug_str     0x00000000000d5d04       0xc9 ./Core/Src/stm32f4xx_it.o
                                      0xd1e3a (size before relaxing)
 .debug_str     0x00000000000d5dcd       0xdb ./Core/Src/system_stm32f4xx.o
                                      0xd1ab6 (size before relaxing)
 .debug_str     0x00000000000d5ea8       0x36 ./Core/Startup/startup_stm32f429zitx.o
                                         0x6e (size before relaxing)
 .debug_str     0x00000000000d5ede      0xbb0 ./Drivers/STM32F4xx_HAL_Driver/Src/stm32f4xx_hal.o
                                      0xd26d9 (size before relaxing)
 .debug_str     0x00000000000d6a8e      0x33e ./Drivers/STM32F4xx_HAL_Driver/Src/stm32f4xx_hal_cortex.o
                                      0xd23be (size before relaxing)
 .debug_str     0x00000000000d6dcc     0x11ea ./Drivers/STM32F4xx_HAL_Driver/Src/stm32f4xx_hal_eth.o
                                      0xd3343 (size before relaxing)
 .debug_str     0x00000000000d7fb6       0xe1 ./Drivers/STM32F4xx_HAL_Driver/Src/stm32f4xx_hal_gpio.o
                                      0xd1c31 (size before relaxing)
 .debug_str     0x00000000000d8097      0x7fd ./Drivers/STM32F4xx_HAL_Driver/Src/stm32f4xx_hal_pcd.o
                                      0xd2565 (size before relaxing)
 .debug_str     0x00000000000d8894      0x21f ./Drivers/STM32F4xx_HAL_Driver/Src/stm32f4xx_hal_rcc.o
                                      0xd1eea (size before relaxing)
 .debug_str     0x00000000000d8ab3      0x644 ./Drivers/STM32F4xx_HAL_Driver/Src/stm32f4xx_hal_uart.o
                                      0xd2476 (size before relaxing)
 .debug_str     0x00000000000d90f7      0x43f ./Drivers/STM32F4xx_HAL_Driver/Src/stm32f4xx_ll_usb.o
                                      0xd23cd (size before relaxing)

.comment        0x0000000000000000       0x50
 .comment       0x0000000000000000       0x50 ./Core/Src/init.o
                                         0x51 (size before relaxing)
 .comment       0x0000000000000050       0x51 ./Core/Src/main.o
 .comment       0x0000000000000050       0x51 ./Core/Src/stm32f4xx_hal_msp.o
 .comment       0x0000000000000050       0x51 ./Core/Src/stm32f4xx_it.o
 .comment       0x0000000000000050       0x51 ./Core/Src/system_stm32f4xx.o
 .comment       0x0000000000000050       0x51 ./Drivers/STM32F4xx_HAL_Driver/Src/stm32f4xx_hal.o
 .comment       0x0000000000000050       0x51 ./Drivers/STM32F4xx_HAL_Driver/Src/stm32f4xx_hal_cortex.o
 .comment       0x0000000000000050       0x51 ./Drivers/STM32F4xx_HAL_Driver/Src/stm32f4xx_hal_eth.o
 .comment       0x0000000000000050       0x51 ./Drivers/STM32F4xx_HAL_Driver/Src/stm32f4xx_hal_gpio.o
 .comment       0x0000000000000050       0x51 ./Drivers/STM32F4xx_HAL_Driver/Src/stm32f4xx_hal_pcd.o
 .comment       0x0000000000000050       0x51 ./Drivers/STM32F4xx_HAL_Driver/Src/stm32f4xx_hal_rcc.o
 .comment       0x0000000000000050       0x51 ./Drivers/STM32F4xx_HAL_Driver/Src/stm32f4xx_hal_uart.o
 .comment       0x0000000000000050       0x51 ./Drivers/STM32F4xx_HAL_Driver/Src/stm32f4xx_ll_usb.o

.debug_frame    0x0000000000000000     0x3210
 .debug_frame   0x0000000000000000       0xe0 ./Core/Src/init.o
 .debug_frame   0x00000000000000e0      0x34c ./Core/Src/main.o
 .debug_frame   0x000000000000042c      0x110 ./Core/Src/stm32f4xx_hal_msp.o
 .debug_frame   0x000000000000053c      0x104 ./Core/Src/stm32f4xx_it.o
 .debug_frame   0x0000000000000640       0x58 ./Core/Src/system_stm32f4xx.o
 .debug_frame   0x0000000000000698      0x3b4 ./Drivers/STM32F4xx_HAL_Driver/Src/stm32f4xx_hal.o
 .debug_frame   0x0000000000000a4c      0x498 ./Drivers/STM32F4xx_HAL_Driver/Src/stm32f4xx_hal_cortex.o
 .debug_frame   0x0000000000000ee4      0x898 ./Drivers/STM32F4xx_HAL_Driver/Src/stm32f4xx_hal_eth.o
 .debug_frame   0x000000000000177c      0x14c ./Drivers/STM32F4xx_HAL_Driver/Src/stm32f4xx_hal_gpio.o
 .debug_frame   0x00000000000018c8      0x5bc ./Drivers/STM32F4xx_HAL_Driver/Src/stm32f4xx_hal_pcd.o
 .debug_frame   0x0000000000001e84      0x1f4 ./Drivers/STM32F4xx_HAL_Driver/Src/stm32f4xx_hal_rcc.o
 .debug_frame   0x0000000000002078      0x92c ./Drivers/STM32F4xx_HAL_Driver/Src/stm32f4xx_hal_uart.o
 .debug_frame   0x00000000000029a4      0x7c0 ./Drivers/STM32F4xx_HAL_Driver/Src/stm32f4xx_ll_usb.o
 .debug_frame   0x0000000000003164       0x2c c:/st/stm32cubeide_1.11.2/stm32cubeide/plugins/com.st.stm32cube.ide.mcu.externaltools.gnu-tools-for-stm32.10.3-2021.10.win32_1.0.200.202301161003/tools/bin/../lib/gcc/arm-none-eabi/10.3.1/../../../../arm-none-eabi/lib/thumb/v7e-m+fp/hard\libc_nano.a(lib_a-init.o)
 .debug_frame   0x0000000000003190       0x20 c:/st/stm32cubeide_1.11.2/stm32cubeide/plugins/com.st.stm32cube.ide.mcu.externaltools.gnu-tools-for-stm32.10.3-2021.10.win32_1.0.200.202301161003/tools/bin/../lib/gcc/arm-none-eabi/10.3.1/../../../../arm-none-eabi/lib/thumb/v7e-m+fp/hard\libc_nano.a(lib_a-memset.o)
 .debug_frame   0x00000000000031b0       0x2c c:/st/stm32cubeide_1.11.2/stm32cubeide/plugins/com.st.stm32cube.ide.mcu.externaltools.gnu-tools-for-stm32.10.3-2021.10.win32_1.0.200.202301161003/tools/bin/../lib/gcc/arm-none-eabi/10.3.1/thumb/v7e-m+fp/hard\libgcc.a(_aeabi_uldivmod.o)
 .debug_frame   0x00000000000031dc       0x34 c:/st/stm32cubeide_1.11.2/stm32cubeide/plugins/com.st.stm32cube.ide.mcu.externaltools.gnu-tools-for-stm32.10.3-2021.10.win32_1.0.200.202301161003/tools/bin/../lib/gcc/arm-none-eabi/10.3.1/thumb/v7e-m+fp/hard\libgcc.a(_udivmoddi4.o)
